// Jest Snapshot v1, https://goo.gl/fbAQLP

exports[`<NotFound/> should render correctly 1`] = `
ShallowWrapper {
  "complexSelector": ComplexSelector {
    "buildPredicate": [Function],
    "childrenOfNode": [Function],
    "findWhereUnwrapped": [Function],
  },
  "length": 1,
  "node": <div
    className="col-md-12"
  >
    <div
      className="inner-content center m-auto"
    >
      <h3
        className="text-center"
      >
        Page Not Found.
      </h3>
      <Link
        replace={false}
        to="/signin"
      >
        Go Back
      </Link>
    </div>
  </div>,
  "nodes": Array [
    <div
      className="col-md-12"
    >
      <div
        className="inner-content center m-auto"
      >
        <h3
          className="text-center"
        >
          Page Not Found.
        </h3>
        <Link
          replace={false}
          to="/signin"
        >
          Go Back
        </Link>
      </div>
    </div>,
  ],
  "options": Object {},
  "renderer": ReactShallowRenderer {
    "_instance": ShallowComponentWrapper {
      "_calledComponentWillUnmount": false,
      "_compositeType": 2,
      "_context": Object {},
      "_currentElement": <NotFound />,
      "_debugID": 1,
      "_hostContainerInfo": null,
      "_hostParent": null,
      "_instance": StatelessComponent {
        "_reactInternalInstance": [Circular],
        "context": Object {},
        "props": Object {},
        "refs": Object {},
        "state": null,
        "updater": Object {
          "enqueueCallback": [Function],
          "enqueueCallbackInternal": [Function],
          "enqueueElementInternal": [Function],
          "enqueueForceUpdate": [Function],
          "enqueueReplaceState": [Function],
          "enqueueSetState": [Function],
          "isMounted": [Function],
          "validateCallback": [Function],
        },
      },
      "_mountOrder": 1,
      "_pendingCallbacks": null,
      "_pendingElement": null,
      "_pendingForceUpdate": false,
      "_pendingReplaceState": false,
      "_pendingStateQueue": null,
      "_renderedComponent": NoopInternalComponent {
        "_currentElement": <div
          className="col-md-12"
        >
          <div
            className="inner-content center m-auto"
          >
            <h3
              className="text-center"
            >
              Page Not Found.
            </h3>
            <Link
              replace={false}
              to="/signin"
            >
              Go Back
            </Link>
          </div>
        </div>,
        "_debugID": 2,
        "_renderedOutput": <div
          className="col-md-12"
        >
          <div
            className="inner-content center m-auto"
          >
            <h3
              className="text-center"
            >
              Page Not Found.
            </h3>
            <Link
              replace={false}
              to="/signin"
            >
              Go Back
            </Link>
          </div>
        </div>,
      },
      "_renderedNodeType": 0,
      "_rootNodeID": 0,
      "_topLevelWrapper": null,
      "_updateBatchNumber": null,
      "_warnedAboutRefsInRender": false,
    },
    "getRenderOutput": [Function],
    "render": [Function],
  },
  "root": [Circular],
  "unrendered": <NotFound />,
}
`;
