// Jest Snapshot v1, https://goo.gl/fbAQLP

exports[`<ToggleButton /> should render correctly 1`] = `
ShallowWrapper {
  "complexSelector": ComplexSelector {
    "buildPredicate": [Function],
    "childrenOfNode": [Function],
    "findWhereUnwrapped": [Function],
  },
  "length": 1,
  "node": <div>
    <p
      className="visible-xs"
    >
      <button
        className="btn btn-default btn-xs off-canvas"
        data-toggle="offcanvas"
        onClick={[Function]}
        type="button"
      >
        <i
          className="glyphicon glyphicon-chevron-left"
        />
      </button>
    </p>
  </div>,
  "nodes": Array [
    <div>
      <p
        className="visible-xs"
      >
        <button
          className="btn btn-default btn-xs off-canvas"
          data-toggle="offcanvas"
          onClick={[Function]}
          type="button"
        >
          <i
            className="glyphicon glyphicon-chevron-left"
          />
        </button>
      </p>
    </div>,
  ],
  "options": Object {},
  "renderer": ReactShallowRenderer {
    "_instance": ShallowComponentWrapper {
      "_calledComponentWillUnmount": false,
      "_compositeType": 2,
      "_context": Object {},
      "_currentElement": <ToggleButton />,
      "_debugID": 1,
      "_hostContainerInfo": null,
      "_hostParent": null,
      "_instance": StatelessComponent {
        "_reactInternalInstance": [Circular],
        "context": Object {},
        "props": Object {},
        "refs": Object {},
        "state": null,
        "updater": Object {
          "enqueueCallback": [Function],
          "enqueueCallbackInternal": [Function],
          "enqueueElementInternal": [Function],
          "enqueueForceUpdate": [Function],
          "enqueueReplaceState": [Function],
          "enqueueSetState": [Function],
          "isMounted": [Function],
          "validateCallback": [Function],
        },
      },
      "_mountOrder": 1,
      "_pendingCallbacks": null,
      "_pendingElement": null,
      "_pendingForceUpdate": false,
      "_pendingReplaceState": false,
      "_pendingStateQueue": null,
      "_renderedComponent": NoopInternalComponent {
        "_currentElement": <div>
          <p
            className="visible-xs"
          >
            <button
              className="btn btn-default btn-xs off-canvas"
              data-toggle="offcanvas"
              onClick={[Function]}
              type="button"
            >
              <i
                className="glyphicon glyphicon-chevron-left"
              />
            </button>
          </p>
        </div>,
        "_debugID": 2,
        "_renderedOutput": <div>
          <p
            className="visible-xs"
          >
            <button
              className="btn btn-default btn-xs off-canvas"
              data-toggle="offcanvas"
              onClick={[Function]}
              type="button"
            >
              <i
                className="glyphicon glyphicon-chevron-left"
              />
            </button>
          </p>
        </div>,
      },
      "_renderedNodeType": 0,
      "_rootNodeID": 0,
      "_topLevelWrapper": null,
      "_updateBatchNumber": null,
      "_warnedAboutRefsInRender": false,
    },
    "getRenderOutput": [Function],
    "render": [Function],
  },
  "root": [Circular],
  "unrendered": <ToggleButton />,
}
`;
