// Jest Snapshot v1, https://goo.gl/fbAQLP

exports[`<UserSignIn/> component should render correctly 1`] = `
ShallowWrapper {
  "complexSelector": ComplexSelector {
    "buildPredicate": [Function],
    "childrenOfNode": [Function],
    "findWhereUnwrapped": [Function],
  },
  "length": 1,
  "node": <div
    className="container signin"
  >
    <span />
    <div
      className="row"
    >
      <div
        className="col-md-6 col-md-offset-3"
      >
        <h5
          className="text-center"
        >
          <b>
            Sign in to PostIt
          </b>
        </h5>
        <form
          className="w3-card w3-white"
          id="signinForm"
          onSubmit={[Function]}
        >
          <div
            className="form-group"
          >
            <label
              htmlFor="email"
            >
              Email
            </label>
            <input
              className="signinform"
              id="email"
              name="email"
              onChange={[Function]}
              placeholder="johndoe@example.com"
              required={true}
              type="email"
              value=""
            />
          </div>
          <div
            className="form-group"
          >
            <div
              className="row"
            >
              <div
                className="col-md-4"
              >
                <label
                  htmlFor="password"
                >
                  Password
                </label>
              </div>
            </div>
            <input
              className="signinform"
              id="password"
              name="password"
              onChange={[Function]}
              placeholder="*********"
              required={true}
              type="password"
              value=""
            />
          </div>
          <button
            className="signinformbtn"
            id="submitButton"
            type="submit"
          >
            Sign in
          </button>
        </form>
        <br />
        <span
          className="pull-right create"
        >
          <Link
            replace={false}
            to="/passwordreset"
          >
            Forgot password?
          </Link>
        </span>
        <br />
        <center>
          <GoogleButton
            disabled={false}
            label="Sign in with Google"
            onClick={[Function]}
            type="dark"
          />
        </center>
        <br />
        <div>
          <center>
            <p>
              New to PostIt? 
              <Link
                className="create"
                replace={false}
                to="/"
              >
                Create an account.
              </Link>
            </p>
          </center>
        </div>
      </div>
    </div>
  </div>,
  "nodes": Array [
    <div
      className="container signin"
    >
      <span />
      <div
        className="row"
      >
        <div
          className="col-md-6 col-md-offset-3"
        >
          <h5
            className="text-center"
          >
            <b>
              Sign in to PostIt
            </b>
          </h5>
          <form
            className="w3-card w3-white"
            id="signinForm"
            onSubmit={[Function]}
          >
            <div
              className="form-group"
            >
              <label
                htmlFor="email"
              >
                Email
              </label>
              <input
                className="signinform"
                id="email"
                name="email"
                onChange={[Function]}
                placeholder="johndoe@example.com"
                required={true}
                type="email"
                value=""
              />
            </div>
            <div
              className="form-group"
            >
              <div
                className="row"
              >
                <div
                  className="col-md-4"
                >
                  <label
                    htmlFor="password"
                  >
                    Password
                  </label>
                </div>
              </div>
              <input
                className="signinform"
                id="password"
                name="password"
                onChange={[Function]}
                placeholder="*********"
                required={true}
                type="password"
                value=""
              />
            </div>
            <button
              className="signinformbtn"
              id="submitButton"
              type="submit"
            >
              Sign in
            </button>
          </form>
          <br />
          <span
            className="pull-right create"
          >
            <Link
              replace={false}
              to="/passwordreset"
            >
              Forgot password?
            </Link>
          </span>
          <br />
          <center>
            <GoogleButton
              disabled={false}
              label="Sign in with Google"
              onClick={[Function]}
              type="dark"
            />
          </center>
          <br />
          <div>
            <center>
              <p>
                New to PostIt? 
                <Link
                  className="create"
                  replace={false}
                  to="/"
                >
                  Create an account.
                </Link>
              </p>
            </center>
          </div>
        </div>
      </div>
    </div>,
  ],
  "options": Object {},
  "renderer": ReactShallowRenderer {
    "_instance": ShallowComponentWrapper {
      "_calledComponentWillUnmount": false,
      "_compositeType": 0,
      "_context": Object {},
      "_currentElement": <UserSignIn
        email=""
        isLoading={false}
        loggeddIn={false}
        password=""
        userId=""
        userName=""
      />,
      "_debugID": 75,
      "_hostContainerInfo": null,
      "_hostParent": null,
      "_instance": UserSignIn {
        "_reactInternalInstance": [Circular],
        "context": Object {},
        "googleSignIn": [Function],
        "handleGoogleEvent": [Function],
        "handleSignInAction": [Function],
        "onChange": [Function],
        "onSubmit": [Function],
        "props": Object {
          "email": "",
          "isLoading": false,
          "loggeddIn": false,
          "password": "",
          "userId": "",
          "userName": "",
        },
        "refs": Object {},
        "state": Object {
          "email": "",
          "isLoading": false,
          "loggedIn": false,
          "password": "",
          "userId": "",
          "userName": "",
        },
        "updater": Object {
          "enqueueCallback": [Function],
          "enqueueCallbackInternal": [Function],
          "enqueueElementInternal": [Function],
          "enqueueForceUpdate": [Function],
          "enqueueReplaceState": [Function],
          "enqueueSetState": [Function],
          "isMounted": [Function],
          "validateCallback": [Function],
        },
      },
      "_mountOrder": 2,
      "_pendingCallbacks": null,
      "_pendingElement": null,
      "_pendingForceUpdate": false,
      "_pendingReplaceState": false,
      "_pendingStateQueue": null,
      "_renderedComponent": NoopInternalComponent {
        "_currentElement": <div
          className="container signin"
        >
          <span />
          <div
            className="row"
          >
            <div
              className="col-md-6 col-md-offset-3"
            >
              <h5
                className="text-center"
              >
                <b>
                  Sign in to PostIt
                </b>
              </h5>
              <form
                className="w3-card w3-white"
                id="signinForm"
                onSubmit={[Function]}
              >
                <div
                  className="form-group"
                >
                  <label
                    htmlFor="email"
                  >
                    Email
                  </label>
                  <input
                    className="signinform"
                    id="email"
                    name="email"
                    onChange={[Function]}
                    placeholder="johndoe@example.com"
                    required={true}
                    type="email"
                    value=""
                  />
                </div>
                <div
                  className="form-group"
                >
                  <div
                    className="row"
                  >
                    <div
                      className="col-md-4"
                    >
                      <label
                        htmlFor="password"
                      >
                        Password
                      </label>
                    </div>
                  </div>
                  <input
                    className="signinform"
                    id="password"
                    name="password"
                    onChange={[Function]}
                    placeholder="*********"
                    required={true}
                    type="password"
                    value=""
                  />
                </div>
                <button
                  className="signinformbtn"
                  id="submitButton"
                  type="submit"
                >
                  Sign in
                </button>
              </form>
              <br />
              <span
                className="pull-right create"
              >
                <Link
                  replace={false}
                  to="/passwordreset"
                >
                  Forgot password?
                </Link>
              </span>
              <br />
              <center>
                <GoogleButton
                  disabled={false}
                  label="Sign in with Google"
                  onClick={[Function]}
                  type="dark"
                />
              </center>
              <br />
              <div>
                <center>
                  <p>
                    New to PostIt? 
                    <Link
                      className="create"
                      replace={false}
                      to="/"
                    >
                      Create an account.
                    </Link>
                  </p>
                </center>
              </div>
            </div>
          </div>
        </div>,
        "_debugID": 76,
        "_renderedOutput": <div
          className="container signin"
        >
          <span />
          <div
            className="row"
          >
            <div
              className="col-md-6 col-md-offset-3"
            >
              <h5
                className="text-center"
              >
                <b>
                  Sign in to PostIt
                </b>
              </h5>
              <form
                className="w3-card w3-white"
                id="signinForm"
                onSubmit={[Function]}
              >
                <div
                  className="form-group"
                >
                  <label
                    htmlFor="email"
                  >
                    Email
                  </label>
                  <input
                    className="signinform"
                    id="email"
                    name="email"
                    onChange={[Function]}
                    placeholder="johndoe@example.com"
                    required={true}
                    type="email"
                    value=""
                  />
                </div>
                <div
                  className="form-group"
                >
                  <div
                    className="row"
                  >
                    <div
                      className="col-md-4"
                    >
                      <label
                        htmlFor="password"
                      >
                        Password
                      </label>
                    </div>
                  </div>
                  <input
                    className="signinform"
                    id="password"
                    name="password"
                    onChange={[Function]}
                    placeholder="*********"
                    required={true}
                    type="password"
                    value=""
                  />
                </div>
                <button
                  className="signinformbtn"
                  id="submitButton"
                  type="submit"
                >
                  Sign in
                </button>
              </form>
              <br />
              <span
                className="pull-right create"
              >
                <Link
                  replace={false}
                  to="/passwordreset"
                >
                  Forgot password?
                </Link>
              </span>
              <br />
              <center>
                <GoogleButton
                  disabled={false}
                  label="Sign in with Google"
                  onClick={[Function]}
                  type="dark"
                />
              </center>
              <br />
              <div>
                <center>
                  <p>
                    New to PostIt? 
                    <Link
                      className="create"
                      replace={false}
                      to="/"
                    >
                      Create an account.
                    </Link>
                  </p>
                </center>
              </div>
            </div>
          </div>
        </div>,
      },
      "_renderedNodeType": 0,
      "_rootNodeID": 0,
      "_topLevelWrapper": null,
      "_updateBatchNumber": null,
      "_warnedAboutRefsInRender": false,
    },
    "getRenderOutput": [Function],
    "render": [Function],
  },
  "root": [Circular],
  "unrendered": <UserSignIn
    email=""
    isLoading={false}
    loggeddIn={false}
    password=""
    userId=""
    userName=""
  />,
}
`;
