// Jest Snapshot v1, https://goo.gl/fbAQLP

exports[`<UserAddMember/> component should render correctly 1`] = `
ShallowWrapper {
  "complexSelector": ComplexSelector {
    "buildPredicate": [Function],
    "childrenOfNode": [Function],
    "findWhereUnwrapped": [Function],
  },
  "length": 1,
  "node": <div
    className="container addmember"
  >
    <div
      className="row"
    >
      <div
        className="col-md-offset-3 col-md-6"
      >
        <h5
          className="text-center"
        >
          <b>
            Add Member to group
          </b>
        </h5>
        <div
          className="row w3-card w3-white"
        >
          <form
            className="addmemberform"
            onSubmit={[Function]}
          >
            <div
              className="form-group"
            >
              <label
                htmlFor="groupname"
              >
                Group Name
              </label>
              <select
                className="form-control"
                name="group"
                onChange={[Function]}
              >
                <option
                  value=""
                >
                  Select a group
                </option>
              </select>
            </div>
            <div
              className="form-group"
            >
              <label
                htmlFor="members"
              >
                Member
              </label>
              <select
                className="form-control"
                name="member"
                onChange={[Function]}
              >
                <option
                  value=""
                >
                  add member to group
                </option>
              </select>
            </div>
            <button
              className="signinformbtn"
              type="submit"
            >
              Add Member
            </button>
          </form>
        </div>
      </div>
    </div>
  </div>,
  "nodes": Array [
    <div
      className="container addmember"
    >
      <div
        className="row"
      >
        <div
          className="col-md-offset-3 col-md-6"
        >
          <h5
            className="text-center"
          >
            <b>
              Add Member to group
            </b>
          </h5>
          <div
            className="row w3-card w3-white"
          >
            <form
              className="addmemberform"
              onSubmit={[Function]}
            >
              <div
                className="form-group"
              >
                <label
                  htmlFor="groupname"
                >
                  Group Name
                </label>
                <select
                  className="form-control"
                  name="group"
                  onChange={[Function]}
                >
                  <option
                    value=""
                  >
                    Select a group
                  </option>
                </select>
              </div>
              <div
                className="form-group"
              >
                <label
                  htmlFor="members"
                >
                  Member
                </label>
                <select
                  className="form-control"
                  name="member"
                  onChange={[Function]}
                >
                  <option
                    value=""
                  >
                    add member to group
                  </option>
                </select>
              </div>
              <button
                className="signinformbtn"
                type="submit"
              >
                Add Member
              </button>
            </form>
          </div>
        </div>
      </div>
    </div>,
  ],
  "options": Object {},
  "renderer": ReactShallowRenderer {
    "_instance": ShallowComponentWrapper {
      "_calledComponentWillUnmount": false,
      "_compositeType": 0,
      "_context": Object {},
      "_currentElement": <UserAddMember
        group={Object {}}
        groups={Array []}
        loggedIn={true}
        member=""
        registeredUsers={Array []}
        userId="AZCVGFRTUINSMUY15156"
      />,
      "_debugID": 41,
      "_hostContainerInfo": null,
      "_hostParent": null,
      "_instance": UserAddMember {
        "_reactInternalInstance": [Circular],
        "context": Object {},
        "handleAddMemberToGroup": [Function],
        "onChange": [Function],
        "onSubmit": [Function],
        "props": Object {
          "group": Object {},
          "groups": Array [],
          "loggedIn": true,
          "member": "",
          "registeredUsers": Array [],
          "userId": "AZCVGFRTUINSMUY15156",
        },
        "refs": Object {},
        "state": Object {
          "group": "",
          "groups": Array [],
          "loggedIn": true,
          "member": "",
          "registeredUsers": Array [],
          "userId": "AZCVGFRTUINSMUY15156",
        },
        "updater": Object {
          "enqueueCallback": [Function],
          "enqueueCallbackInternal": [Function],
          "enqueueElementInternal": [Function],
          "enqueueForceUpdate": [Function],
          "enqueueReplaceState": [Function],
          "enqueueSetState": [Function],
          "isMounted": [Function],
          "validateCallback": [Function],
        },
        "userGroups": [Function],
      },
      "_mountOrder": 3,
      "_pendingCallbacks": null,
      "_pendingElement": null,
      "_pendingForceUpdate": false,
      "_pendingReplaceState": false,
      "_pendingStateQueue": null,
      "_renderedComponent": NoopInternalComponent {
        "_currentElement": <div
          className="container addmember"
        >
          <div
            className="row"
          >
            <div
              className="col-md-offset-3 col-md-6"
            >
              <h5
                className="text-center"
              >
                <b>
                  Add Member to group
                </b>
              </h5>
              <div
                className="row w3-card w3-white"
              >
                <form
                  className="addmemberform"
                  onSubmit={[Function]}
                >
                  <div
                    className="form-group"
                  >
                    <label
                      htmlFor="groupname"
                    >
                      Group Name
                    </label>
                    <select
                      className="form-control"
                      name="group"
                      onChange={[Function]}
                    >
                      <option
                        value=""
                      >
                        Select a group
                      </option>
                    </select>
                  </div>
                  <div
                    className="form-group"
                  >
                    <label
                      htmlFor="members"
                    >
                      Member
                    </label>
                    <select
                      className="form-control"
                      name="member"
                      onChange={[Function]}
                    >
                      <option
                        value=""
                      >
                        add member to group
                      </option>
                    </select>
                  </div>
                  <button
                    className="signinformbtn"
                    type="submit"
                  >
                    Add Member
                  </button>
                </form>
              </div>
            </div>
          </div>
        </div>,
        "_debugID": 42,
        "_renderedOutput": <div
          className="container addmember"
        >
          <div
            className="row"
          >
            <div
              className="col-md-offset-3 col-md-6"
            >
              <h5
                className="text-center"
              >
                <b>
                  Add Member to group
                </b>
              </h5>
              <div
                className="row w3-card w3-white"
              >
                <form
                  className="addmemberform"
                  onSubmit={[Function]}
                >
                  <div
                    className="form-group"
                  >
                    <label
                      htmlFor="groupname"
                    >
                      Group Name
                    </label>
                    <select
                      className="form-control"
                      name="group"
                      onChange={[Function]}
                    >
                      <option
                        value=""
                      >
                        Select a group
                      </option>
                    </select>
                  </div>
                  <div
                    className="form-group"
                  >
                    <label
                      htmlFor="members"
                    >
                      Member
                    </label>
                    <select
                      className="form-control"
                      name="member"
                      onChange={[Function]}
                    >
                      <option
                        value=""
                      >
                        add member to group
                      </option>
                    </select>
                  </div>
                  <button
                    className="signinformbtn"
                    type="submit"
                  >
                    Add Member
                  </button>
                </form>
              </div>
            </div>
          </div>
        </div>,
      },
      "_renderedNodeType": 0,
      "_rootNodeID": 0,
      "_topLevelWrapper": null,
      "_updateBatchNumber": null,
      "_warnedAboutRefsInRender": false,
    },
    "getRenderOutput": [Function],
    "render": [Function],
  },
  "root": [Circular],
  "unrendered": <UserAddMember
    group={Object {}}
    groups={Array []}
    loggedIn={true}
    member=""
    registeredUsers={Array []}
    userId="AZCVGFRTUINSMUY15156"
  />,
}
`;
