// Jest Snapshot v1, https://goo.gl/fbAQLP

exports[`<UserResetPassword/> component should render correctly 1`] = `
ShallowWrapper {
  "complexSelector": ComplexSelector {
    "buildPredicate": [Function],
    "childrenOfNode": [Function],
    "findWhereUnwrapped": [Function],
  },
  "length": 1,
  "node": <div
    className="passwordreset"
  >
    <h5
      className="text-center"
    >
      <b>
        Reset your password
      </b>
    </h5>
    <div
      className="container resetform"
    >
      <div
        className="row"
      >
        <div
          className="col-md-6 col-md-offset-3 w3-card w3-white"
        >
          <form
            id="resetform"
            onSubmit={[Function]}
          >
            <div
              className="form-group"
            >
              <label
                htmlFor="email"
              >
                Enter email
              </label>
              <input
                className="signinform"
                id="email"
                name="email"
                onChange={[Function]}
                placeholder="johndoe@example.com"
                required={true}
                type="email"
                value=""
              />
            </div>
            <button
              className="signinformbtn"
              type="submit"
            >
              Send
            </button>
          </form>
        </div>
      </div>
    </div>
  </div>,
  "nodes": Array [
    <div
      className="passwordreset"
    >
      <h5
        className="text-center"
      >
        <b>
          Reset your password
        </b>
      </h5>
      <div
        className="container resetform"
      >
        <div
          className="row"
        >
          <div
            className="col-md-6 col-md-offset-3 w3-card w3-white"
          >
            <form
              id="resetform"
              onSubmit={[Function]}
            >
              <div
                className="form-group"
              >
                <label
                  htmlFor="email"
                >
                  Enter email
                </label>
                <input
                  className="signinform"
                  id="email"
                  name="email"
                  onChange={[Function]}
                  placeholder="johndoe@example.com"
                  required={true}
                  type="email"
                  value=""
                />
              </div>
              <button
                className="signinformbtn"
                type="submit"
              >
                Send
              </button>
            </form>
          </div>
        </div>
      </div>
    </div>,
  ],
  "options": Object {},
  "renderer": ReactShallowRenderer {
    "_instance": ShallowComponentWrapper {
      "_calledComponentWillUnmount": false,
      "_compositeType": 0,
      "_context": Object {},
      "_currentElement": <UserResetPassword />,
      "_debugID": 40,
      "_hostContainerInfo": null,
      "_hostParent": null,
      "_instance": UserResetPassword {
        "_reactInternalInstance": [Circular],
        "context": Object {},
        "handlePasswordReset": [Function],
        "onChange": [Function],
        "onSubmit": [Function],
        "props": Object {},
        "refs": Object {},
        "state": Object {
          "email": "",
        },
        "updater": Object {
          "enqueueCallback": [Function],
          "enqueueCallbackInternal": [Function],
          "enqueueElementInternal": [Function],
          "enqueueForceUpdate": [Function],
          "enqueueReplaceState": [Function],
          "enqueueSetState": [Function],
          "isMounted": [Function],
          "validateCallback": [Function],
        },
      },
      "_mountOrder": 1,
      "_pendingCallbacks": null,
      "_pendingElement": null,
      "_pendingForceUpdate": false,
      "_pendingReplaceState": false,
      "_pendingStateQueue": null,
      "_renderedComponent": NoopInternalComponent {
        "_currentElement": <div
          className="passwordreset"
        >
          <h5
            className="text-center"
          >
            <b>
              Reset your password
            </b>
          </h5>
          <div
            className="container resetform"
          >
            <div
              className="row"
            >
              <div
                className="col-md-6 col-md-offset-3 w3-card w3-white"
              >
                <form
                  id="resetform"
                  onSubmit={[Function]}
                >
                  <div
                    className="form-group"
                  >
                    <label
                      htmlFor="email"
                    >
                      Enter email
                    </label>
                    <input
                      className="signinform"
                      id="email"
                      name="email"
                      onChange={[Function]}
                      placeholder="johndoe@example.com"
                      required={true}
                      type="email"
                      value=""
                    />
                  </div>
                  <button
                    className="signinformbtn"
                    type="submit"
                  >
                    Send
                  </button>
                </form>
              </div>
            </div>
          </div>
        </div>,
        "_debugID": 41,
        "_renderedOutput": <div
          className="passwordreset"
        >
          <h5
            className="text-center"
          >
            <b>
              Reset your password
            </b>
          </h5>
          <div
            className="container resetform"
          >
            <div
              className="row"
            >
              <div
                className="col-md-6 col-md-offset-3 w3-card w3-white"
              >
                <form
                  id="resetform"
                  onSubmit={[Function]}
                >
                  <div
                    className="form-group"
                  >
                    <label
                      htmlFor="email"
                    >
                      Enter email
                    </label>
                    <input
                      className="signinform"
                      id="email"
                      name="email"
                      onChange={[Function]}
                      placeholder="johndoe@example.com"
                      required={true}
                      type="email"
                      value=""
                    />
                  </div>
                  <button
                    className="signinformbtn"
                    type="submit"
                  >
                    Send
                  </button>
                </form>
              </div>
            </div>
          </div>
        </div>,
      },
      "_renderedNodeType": 0,
      "_rootNodeID": 0,
      "_topLevelWrapper": null,
      "_updateBatchNumber": null,
      "_warnedAboutRefsInRender": false,
    },
    "getRenderOutput": [Function],
    "render": [Function],
  },
  "root": [Circular],
  "unrendered": <UserResetPassword />,
}
`;
