// Jest Snapshot v1, https://goo.gl/fbAQLP

exports[`UserSignIn component should render correctly 1`] = `
ShallowWrapper {
  "complexSelector": ComplexSelector {
    "buildPredicate": [Function],
    "childrenOfNode": [Function],
    "findWhereUnwrapped": [Function],
  },
  "length": 1,
  "node": <div>
    <nav
      className="navbar navbar-inverse navabar-fixed-top"
      role="navigation"
    >
      <div
        className="container-fluid"
      >
        <div
          className="navbar-header"
        >
          <button
            className="navbar-toggle collapsed"
            data-target=".navbar-collapse"
            data-toggle="collapse"
            type="button"
          >
            <span
              className="sr-only"
            >
              Toggle navigation
            </span>
            <span
              className="icon-bar"
            />
            <span
              className="icon-bar"
            />
            <span
              className="icon-bar"
            />
          </button>
          <Link
            className="navbar-brand"
            replace={false}
            to="#"
          >
            PostIt
            <small>
              App
            </small>
          </Link>
        </div>
        <div
          className="collapse navbar-collapse"
        >
          <ul
            className="nav navbar-nav navbar-right"
          >
            <li>
              <Link
                replace={false}
                to="/"
              >
                Home
              </Link>
            </li>
            <li
              className="active"
            >
              <Link
                replace={false}
                to="/signin"
              >
                Sign in
              </Link>
            </li>
          </ul>
        </div>
      </div>
    </nav>
    <div
      className="container signin"
    >
      <span />
      <div
        className="row"
      >
        <div
          className="col-md-6 col-md-offset-3"
        >
          <div
            className="row"
          >
            <center>
              <GoogleButton
                disabled={false}
                label="Sign in with Google"
                onClick={[Function]}
                type="dark"
              />
            </center>
            <br />
            <div
              className="text-center or"
            >
              <b>
                OR
              </b>
            </div>
            <form
              className="w3-card w3-white"
              id="signinForm"
              onSubmit={[Function]}
            >
              <div
                className="form-group"
              >
                <label
                  htmlFor="email"
                >
                  Email
                </label>
                <input
                  className="signinform"
                  id="email"
                  name="email"
                  onChange={[Function]}
                  placeholder="johndoe@example.com"
                  required={true}
                  type="email"
                  value=""
                />
              </div>
              <div
                className="form-group"
              >
                <div
                  className="row"
                >
                  <div
                    className="col-md-4"
                  >
                    <label
                      htmlFor="password"
                    >
                      Password
                    </label>
                  </div>
                  <div
                    className="col-md-4 col-md-offset-4"
                  >
                    <Link
                      replace={false}
                      to="/passwordreset"
                    >
                      <h6
                        className="pull-right create"
                      >
                        <b>
                          Forgot password?
                        </b>
                      </h6>
                    </Link>
                  </div>
                </div>
                <input
                  className="signinform"
                  id="password"
                  name="password"
                  onChange={[Function]}
                  placeholder="*********"
                  required={true}
                  type="password"
                  value=""
                />
              </div>
              <button
                className="signinformbtn"
                id="submitButton"
                type="submit"
              >
                Sign in
              </button>
            </form>
          </div>
          <br />
          <div>
            <center>
              <p>
                New to PostIt App? 
                <Link
                  className="create"
                  replace={false}
                  to="/"
                >
                  Create an account.
                </Link>
              </p>
            </center>
          </div>
        </div>
      </div>
    </div>
    <Footer />
  </div>,
  "nodes": Array [
    <div>
      <nav
        className="navbar navbar-inverse navabar-fixed-top"
        role="navigation"
      >
        <div
          className="container-fluid"
        >
          <div
            className="navbar-header"
          >
            <button
              className="navbar-toggle collapsed"
              data-target=".navbar-collapse"
              data-toggle="collapse"
              type="button"
            >
              <span
                className="sr-only"
              >
                Toggle navigation
              </span>
              <span
                className="icon-bar"
              />
              <span
                className="icon-bar"
              />
              <span
                className="icon-bar"
              />
            </button>
            <Link
              className="navbar-brand"
              replace={false}
              to="#"
            >
              PostIt
              <small>
                App
              </small>
            </Link>
          </div>
          <div
            className="collapse navbar-collapse"
          >
            <ul
              className="nav navbar-nav navbar-right"
            >
              <li>
                <Link
                  replace={false}
                  to="/"
                >
                  Home
                </Link>
              </li>
              <li
                className="active"
              >
                <Link
                  replace={false}
                  to="/signin"
                >
                  Sign in
                </Link>
              </li>
            </ul>
          </div>
        </div>
      </nav>
      <div
        className="container signin"
      >
        <span />
        <div
          className="row"
        >
          <div
            className="col-md-6 col-md-offset-3"
          >
            <div
              className="row"
            >
              <center>
                <GoogleButton
                  disabled={false}
                  label="Sign in with Google"
                  onClick={[Function]}
                  type="dark"
                />
              </center>
              <br />
              <div
                className="text-center or"
              >
                <b>
                  OR
                </b>
              </div>
              <form
                className="w3-card w3-white"
                id="signinForm"
                onSubmit={[Function]}
              >
                <div
                  className="form-group"
                >
                  <label
                    htmlFor="email"
                  >
                    Email
                  </label>
                  <input
                    className="signinform"
                    id="email"
                    name="email"
                    onChange={[Function]}
                    placeholder="johndoe@example.com"
                    required={true}
                    type="email"
                    value=""
                  />
                </div>
                <div
                  className="form-group"
                >
                  <div
                    className="row"
                  >
                    <div
                      className="col-md-4"
                    >
                      <label
                        htmlFor="password"
                      >
                        Password
                      </label>
                    </div>
                    <div
                      className="col-md-4 col-md-offset-4"
                    >
                      <Link
                        replace={false}
                        to="/passwordreset"
                      >
                        <h6
                          className="pull-right create"
                        >
                          <b>
                            Forgot password?
                          </b>
                        </h6>
                      </Link>
                    </div>
                  </div>
                  <input
                    className="signinform"
                    id="password"
                    name="password"
                    onChange={[Function]}
                    placeholder="*********"
                    required={true}
                    type="password"
                    value=""
                  />
                </div>
                <button
                  className="signinformbtn"
                  id="submitButton"
                  type="submit"
                >
                  Sign in
                </button>
              </form>
            </div>
            <br />
            <div>
              <center>
                <p>
                  New to PostIt App? 
                  <Link
                    className="create"
                    replace={false}
                    to="/"
                  >
                    Create an account.
                  </Link>
                </p>
              </center>
            </div>
          </div>
        </div>
      </div>
      <Footer />
    </div>,
  ],
  "options": Object {},
  "renderer": ReactShallowRenderer {
    "_instance": ShallowComponentWrapper {
      "_calledComponentWillUnmount": false,
      "_compositeType": 0,
      "_context": Object {},
      "_currentElement": <UserSignIn />,
      "_debugID": 892,
      "_hostContainerInfo": null,
      "_hostParent": null,
      "_instance": UserSignIn {
        "_reactInternalInstance": [Circular],
        "context": Object {},
        "googleSignIn": [Function],
        "handleGoogleEvent": [Function],
        "handleSignInAction": [Function],
        "onChange": [Function],
        "onSubmit": [Function],
        "props": Object {},
        "refs": Object {},
        "state": Object {
          "email": "",
          "isLoading": false,
          "loggedIn": false,
          "password": "",
          "userId": "",
          "userName": "",
        },
        "updater": Object {
          "enqueueCallback": [Function],
          "enqueueCallbackInternal": [Function],
          "enqueueElementInternal": [Function],
          "enqueueForceUpdate": [Function],
          "enqueueReplaceState": [Function],
          "enqueueSetState": [Function],
          "isMounted": [Function],
          "validateCallback": [Function],
        },
      },
      "_mountOrder": 1,
      "_pendingCallbacks": null,
      "_pendingElement": null,
      "_pendingForceUpdate": false,
      "_pendingReplaceState": false,
      "_pendingStateQueue": null,
      "_renderedComponent": NoopInternalComponent {
        "_currentElement": <div>
          <nav
            className="navbar navbar-inverse navabar-fixed-top"
            role="navigation"
          >
            <div
              className="container-fluid"
            >
              <div
                className="navbar-header"
              >
                <button
                  className="navbar-toggle collapsed"
                  data-target=".navbar-collapse"
                  data-toggle="collapse"
                  type="button"
                >
                  <span
                    className="sr-only"
                  >
                    Toggle navigation
                  </span>
                  <span
                    className="icon-bar"
                  />
                  <span
                    className="icon-bar"
                  />
                  <span
                    className="icon-bar"
                  />
                </button>
                <Link
                  className="navbar-brand"
                  replace={false}
                  to="#"
                >
                  PostIt
                  <small>
                    App
                  </small>
                </Link>
              </div>
              <div
                className="collapse navbar-collapse"
              >
                <ul
                  className="nav navbar-nav navbar-right"
                >
                  <li>
                    <Link
                      replace={false}
                      to="/"
                    >
                      Home
                    </Link>
                  </li>
                  <li
                    className="active"
                  >
                    <Link
                      replace={false}
                      to="/signin"
                    >
                      Sign in
                    </Link>
                  </li>
                </ul>
              </div>
            </div>
          </nav>
          <div
            className="container signin"
          >
            <span />
            <div
              className="row"
            >
              <div
                className="col-md-6 col-md-offset-3"
              >
                <div
                  className="row"
                >
                  <center>
                    <GoogleButton
                      disabled={false}
                      label="Sign in with Google"
                      onClick={[Function]}
                      type="dark"
                    />
                  </center>
                  <br />
                  <div
                    className="text-center or"
                  >
                    <b>
                      OR
                    </b>
                  </div>
                  <form
                    className="w3-card w3-white"
                    id="signinForm"
                    onSubmit={[Function]}
                  >
                    <div
                      className="form-group"
                    >
                      <label
                        htmlFor="email"
                      >
                        Email
                      </label>
                      <input
                        className="signinform"
                        id="email"
                        name="email"
                        onChange={[Function]}
                        placeholder="johndoe@example.com"
                        required={true}
                        type="email"
                        value=""
                      />
                    </div>
                    <div
                      className="form-group"
                    >
                      <div
                        className="row"
                      >
                        <div
                          className="col-md-4"
                        >
                          <label
                            htmlFor="password"
                          >
                            Password
                          </label>
                        </div>
                        <div
                          className="col-md-4 col-md-offset-4"
                        >
                          <Link
                            replace={false}
                            to="/passwordreset"
                          >
                            <h6
                              className="pull-right create"
                            >
                              <b>
                                Forgot password?
                              </b>
                            </h6>
                          </Link>
                        </div>
                      </div>
                      <input
                        className="signinform"
                        id="password"
                        name="password"
                        onChange={[Function]}
                        placeholder="*********"
                        required={true}
                        type="password"
                        value=""
                      />
                    </div>
                    <button
                      className="signinformbtn"
                      id="submitButton"
                      type="submit"
                    >
                      Sign in
                    </button>
                  </form>
                </div>
                <br />
                <div>
                  <center>
                    <p>
                      New to PostIt App? 
                      <Link
                        className="create"
                        replace={false}
                        to="/"
                      >
                        Create an account.
                      </Link>
                    </p>
                  </center>
                </div>
              </div>
            </div>
          </div>
          <Footer />
        </div>,
        "_debugID": 893,
        "_renderedOutput": <div>
          <nav
            className="navbar navbar-inverse navabar-fixed-top"
            role="navigation"
          >
            <div
              className="container-fluid"
            >
              <div
                className="navbar-header"
              >
                <button
                  className="navbar-toggle collapsed"
                  data-target=".navbar-collapse"
                  data-toggle="collapse"
                  type="button"
                >
                  <span
                    className="sr-only"
                  >
                    Toggle navigation
                  </span>
                  <span
                    className="icon-bar"
                  />
                  <span
                    className="icon-bar"
                  />
                  <span
                    className="icon-bar"
                  />
                </button>
                <Link
                  className="navbar-brand"
                  replace={false}
                  to="#"
                >
                  PostIt
                  <small>
                    App
                  </small>
                </Link>
              </div>
              <div
                className="collapse navbar-collapse"
              >
                <ul
                  className="nav navbar-nav navbar-right"
                >
                  <li>
                    <Link
                      replace={false}
                      to="/"
                    >
                      Home
                    </Link>
                  </li>
                  <li
                    className="active"
                  >
                    <Link
                      replace={false}
                      to="/signin"
                    >
                      Sign in
                    </Link>
                  </li>
                </ul>
              </div>
            </div>
          </nav>
          <div
            className="container signin"
          >
            <span />
            <div
              className="row"
            >
              <div
                className="col-md-6 col-md-offset-3"
              >
                <div
                  className="row"
                >
                  <center>
                    <GoogleButton
                      disabled={false}
                      label="Sign in with Google"
                      onClick={[Function]}
                      type="dark"
                    />
                  </center>
                  <br />
                  <div
                    className="text-center or"
                  >
                    <b>
                      OR
                    </b>
                  </div>
                  <form
                    className="w3-card w3-white"
                    id="signinForm"
                    onSubmit={[Function]}
                  >
                    <div
                      className="form-group"
                    >
                      <label
                        htmlFor="email"
                      >
                        Email
                      </label>
                      <input
                        className="signinform"
                        id="email"
                        name="email"
                        onChange={[Function]}
                        placeholder="johndoe@example.com"
                        required={true}
                        type="email"
                        value=""
                      />
                    </div>
                    <div
                      className="form-group"
                    >
                      <div
                        className="row"
                      >
                        <div
                          className="col-md-4"
                        >
                          <label
                            htmlFor="password"
                          >
                            Password
                          </label>
                        </div>
                        <div
                          className="col-md-4 col-md-offset-4"
                        >
                          <Link
                            replace={false}
                            to="/passwordreset"
                          >
                            <h6
                              className="pull-right create"
                            >
                              <b>
                                Forgot password?
                              </b>
                            </h6>
                          </Link>
                        </div>
                      </div>
                      <input
                        className="signinform"
                        id="password"
                        name="password"
                        onChange={[Function]}
                        placeholder="*********"
                        required={true}
                        type="password"
                        value=""
                      />
                    </div>
                    <button
                      className="signinformbtn"
                      id="submitButton"
                      type="submit"
                    >
                      Sign in
                    </button>
                  </form>
                </div>
                <br />
                <div>
                  <center>
                    <p>
                      New to PostIt App? 
                      <Link
                        className="create"
                        replace={false}
                        to="/"
                      >
                        Create an account.
                      </Link>
                    </p>
                  </center>
                </div>
              </div>
            </div>
          </div>
          <Footer />
        </div>,
      },
      "_renderedNodeType": 0,
      "_rootNodeID": 0,
      "_topLevelWrapper": null,
      "_updateBatchNumber": null,
      "_warnedAboutRefsInRender": false,
    },
    "getRenderOutput": [Function],
    "render": [Function],
  },
  "root": [Circular],
  "unrendered": <UserSignIn />,
}
`;
