// Jest Snapshot v1, https://goo.gl/fbAQLP

exports[`UserBroadCastBoard Component should render correctly 1`] = `
ShallowWrapper {
  "complexSelector": ComplexSelector {
    "buildPredicate": [Function],
    "childrenOfNode": [Function],
    "findWhereUnwrapped": [Function],
  },
  "length": 1,
  "node": <div>
    <div
      className="navbar navbar-inverse navabar-fixed-top"
    >
      <div
        className="container-fluid"
      >
        <div
          className="navbar-header"
        >
          <button
            className="navbar-toggle"
            data-target=".navbar-collapse"
            data-toggle="collapse"
            type="button"
          >
            <span
              className="icon-bar"
            />
            <span
              className="icon-bar"
            />
            <span
              className="icon-bar"
            />
          </button>
          <Link
            className="navbar-brand"
            replace={false}
            to="#"
          >
            PostIt
            <small>
              App
            </small>
          </Link>
        </div>
        <div
          className="collapse navbar-collapse"
        >
          <ul
            className="nav navbar-nav navbar-right"
          >
            <li
              className="active"
            >
              <Link
                replace={false}
                to="/broadcastboard"
              >
                MessageBoard
              </Link>
            </li>
            <li>
              <Link
                replace={false}
                to="/group"
              >
                Create Group
              </Link>
            </li>
            <li
              onClick={[Function]}
            >
              <Link
                replace={false}
                to="#"
              >
                Sign out
              </Link>
            </li>
          </ul>
        </div>
      </div>
    </div>
    <div
      className=""
    >
      <div
        className="row"
      >
        <div
          className="col-sm-12 col-md-2"
        >
          <UserGroups
            grouplist={Array []}
            member={Array []}
          />
        </div>
        <div
          className="col-sm-12 col-md-10"
        >
          <NoGroupSelected />
        </div>
      </div>
      <div
        className="row"
      >
        <Footer />
      </div>
    </div>
  </div>,
  "nodes": Array [
    <div>
      <div
        className="navbar navbar-inverse navabar-fixed-top"
      >
        <div
          className="container-fluid"
        >
          <div
            className="navbar-header"
          >
            <button
              className="navbar-toggle"
              data-target=".navbar-collapse"
              data-toggle="collapse"
              type="button"
            >
              <span
                className="icon-bar"
              />
              <span
                className="icon-bar"
              />
              <span
                className="icon-bar"
              />
            </button>
            <Link
              className="navbar-brand"
              replace={false}
              to="#"
            >
              PostIt
              <small>
                App
              </small>
            </Link>
          </div>
          <div
            className="collapse navbar-collapse"
          >
            <ul
              className="nav navbar-nav navbar-right"
            >
              <li
                className="active"
              >
                <Link
                  replace={false}
                  to="/broadcastboard"
                >
                  MessageBoard
                </Link>
              </li>
              <li>
                <Link
                  replace={false}
                  to="/group"
                >
                  Create Group
                </Link>
              </li>
              <li
                onClick={[Function]}
              >
                <Link
                  replace={false}
                  to="#"
                >
                  Sign out
                </Link>
              </li>
            </ul>
          </div>
        </div>
      </div>
      <div
        className=""
      >
        <div
          className="row"
        >
          <div
            className="col-sm-12 col-md-2"
          >
            <UserGroups
              grouplist={Array []}
              member={Array []}
            />
          </div>
          <div
            className="col-sm-12 col-md-10"
          >
            <NoGroupSelected />
          </div>
        </div>
        <div
          className="row"
        >
          <Footer />
        </div>
      </div>
    </div>,
  ],
  "options": Object {},
  "renderer": ReactShallowRenderer {
    "_instance": ShallowComponentWrapper {
      "_calledComponentWillUnmount": false,
      "_compositeType": 0,
      "_context": Object {},
      "_currentElement": <UserBroadCastBoard
        defaultGroup=""
        groupId=""
        groupMember={Array []}
        groupMessage={Array []}
        groupSelected={false}
        groups={Array []}
        loggedIn={true}
        userId="AZCVGFRTUINSMUY15156"
        userName="Kunle"
      />,
      "_debugID": 99,
      "_hostContainerInfo": null,
      "_hostParent": null,
      "_instance": UserBroadCastBoard {
        "_reactInternalInstance": [Circular],
        "context": Object {},
        "handleGetGroupMember": [Function],
        "handleGetGroupMessage": [Function],
        "handleGetUserGroups": [Function],
        "handleOnChangeEvent": [Function],
        "handleSendGroupMessage": [Function],
        "handleSignOutAction": [Function],
        "props": Object {
          "defaultGroup": "",
          "groupId": "",
          "groupMember": Array [],
          "groupMessage": Array [],
          "groupSelected": false,
          "groups": Array [],
          "loggedIn": true,
          "userId": "AZCVGFRTUINSMUY15156",
          "userName": "Kunle",
        },
        "refs": Object {},
        "state": Object {
          "defaultGroup": "",
          "groupId": "",
          "groupMember": Array [],
          "groupMessage": Array [],
          "groupSelected": false,
          "groups": Array [],
          "loggedIn": true,
          "userId": "AZCVGFRTUINSMUY15156",
          "userName": "Kunle",
        },
        "updater": Object {
          "enqueueCallback": [Function],
          "enqueueCallbackInternal": [Function],
          "enqueueElementInternal": [Function],
          "enqueueForceUpdate": [Function],
          "enqueueReplaceState": [Function],
          "enqueueSetState": [Function],
          "isMounted": [Function],
          "validateCallback": [Function],
        },
      },
      "_mountOrder": 3,
      "_pendingCallbacks": null,
      "_pendingElement": null,
      "_pendingForceUpdate": false,
      "_pendingReplaceState": false,
      "_pendingStateQueue": null,
      "_renderedComponent": NoopInternalComponent {
        "_currentElement": <div>
          <div
            className="navbar navbar-inverse navabar-fixed-top"
          >
            <div
              className="container-fluid"
            >
              <div
                className="navbar-header"
              >
                <button
                  className="navbar-toggle"
                  data-target=".navbar-collapse"
                  data-toggle="collapse"
                  type="button"
                >
                  <span
                    className="icon-bar"
                  />
                  <span
                    className="icon-bar"
                  />
                  <span
                    className="icon-bar"
                  />
                </button>
                <Link
                  className="navbar-brand"
                  replace={false}
                  to="#"
                >
                  PostIt
                  <small>
                    App
                  </small>
                </Link>
              </div>
              <div
                className="collapse navbar-collapse"
              >
                <ul
                  className="nav navbar-nav navbar-right"
                >
                  <li
                    className="active"
                  >
                    <Link
                      replace={false}
                      to="/broadcastboard"
                    >
                      MessageBoard
                    </Link>
                  </li>
                  <li>
                    <Link
                      replace={false}
                      to="/group"
                    >
                      Create Group
                    </Link>
                  </li>
                  <li
                    onClick={[Function]}
                  >
                    <Link
                      replace={false}
                      to="#"
                    >
                      Sign out
                    </Link>
                  </li>
                </ul>
              </div>
            </div>
          </div>
          <div
            className=""
          >
            <div
              className="row"
            >
              <div
                className="col-sm-12 col-md-2"
              >
                <UserGroups
                  grouplist={Array []}
                  member={Array []}
                />
              </div>
              <div
                className="col-sm-12 col-md-10"
              >
                <NoGroupSelected />
              </div>
            </div>
            <div
              className="row"
            >
              <Footer />
            </div>
          </div>
        </div>,
        "_debugID": 100,
        "_renderedOutput": <div>
          <div
            className="navbar navbar-inverse navabar-fixed-top"
          >
            <div
              className="container-fluid"
            >
              <div
                className="navbar-header"
              >
                <button
                  className="navbar-toggle"
                  data-target=".navbar-collapse"
                  data-toggle="collapse"
                  type="button"
                >
                  <span
                    className="icon-bar"
                  />
                  <span
                    className="icon-bar"
                  />
                  <span
                    className="icon-bar"
                  />
                </button>
                <Link
                  className="navbar-brand"
                  replace={false}
                  to="#"
                >
                  PostIt
                  <small>
                    App
                  </small>
                </Link>
              </div>
              <div
                className="collapse navbar-collapse"
              >
                <ul
                  className="nav navbar-nav navbar-right"
                >
                  <li
                    className="active"
                  >
                    <Link
                      replace={false}
                      to="/broadcastboard"
                    >
                      MessageBoard
                    </Link>
                  </li>
                  <li>
                    <Link
                      replace={false}
                      to="/group"
                    >
                      Create Group
                    </Link>
                  </li>
                  <li
                    onClick={[Function]}
                  >
                    <Link
                      replace={false}
                      to="#"
                    >
                      Sign out
                    </Link>
                  </li>
                </ul>
              </div>
            </div>
          </div>
          <div
            className=""
          >
            <div
              className="row"
            >
              <div
                className="col-sm-12 col-md-2"
              >
                <UserGroups
                  grouplist={Array []}
                  member={Array []}
                />
              </div>
              <div
                className="col-sm-12 col-md-10"
              >
                <NoGroupSelected />
              </div>
            </div>
            <div
              className="row"
            >
              <Footer />
            </div>
          </div>
        </div>,
      },
      "_renderedNodeType": 0,
      "_rootNodeID": 0,
      "_topLevelWrapper": null,
      "_updateBatchNumber": null,
      "_warnedAboutRefsInRender": false,
    },
    "getRenderOutput": [Function],
    "render": [Function],
  },
  "root": [Circular],
  "unrendered": <UserBroadCastBoard
    defaultGroup=""
    groupId=""
    groupMember={Array []}
    groupMessage={Array []}
    groupSelected={false}
    groups={Array []}
    loggedIn={true}
    userId="AZCVGFRTUINSMUY15156"
    userName="Kunle"
  />,
}
`;
