// Jest Snapshot v1, https://goo.gl/fbAQLP

exports[`<UserBroadCastBoard/> should render correctly without crashing 1`] = `undefined`;
